---
source: tests/worldgen_snapshot.rs
assertion_line: 127
expression: npc_roster(&result.world)
---
- id: 0
  name: Quintus Wren
  age: 30
  sex: Female
  occupation: investigator
  spouse: ~
  n_parents: 0
  n_children: 0
  location_kind: social
- id: 1
  name: Ursel Baker
  age: 49
  sex: Female
  occupation: watchman
  spouse: 40
  n_parents: 0
  n_children: 3
  location_kind: trade
- id: 2
  name: Yves Brewer
  age: 5
  sex: Male
  occupation: child
  spouse: ~
  n_parents: 2
  n_children: 0
  location_kind: social
- id: 3
  name: Zara Fletcher
  age: 55
  sex: Female
  occupation: idle
  spouse: ~
  n_parents: 0
  n_children: 0
  location_kind: social
- id: 4
  name: Nial Mason
  age: 33
  sex: Male
  occupation: magistrate
  spouse: ~
  n_parents: 2
  n_children: 0
  location_kind: social
- id: 5
  name: Hela Baker
  age: 56
  sex: Female
  occupation: smith
  spouse: ~
  n_parents: 0
  n_children: 0
  location_kind: trade
- id: 6
  name: Roald Sawyer
  age: 22
  sex: Male
  occupation: idle
  spouse: ~
  n_parents: 2
  n_children: 0
  location_kind: trade
- id: 7
  name: Vela Glover
  age: 26
  sex: Female
  occupation: fletcher
  spouse: 14
  n_parents: 2
  n_children: 0
  location_kind: trade
- id: 8
  name: Petra Reeve
  age: 12
  sex: Female
  occupation: child
  spouse: ~
  n_parents: 2
  n_children: 0
  location_kind: trade
- id: 9
  name: Sten Reeve
  age: 33
  sex: Male
  occupation: idle
  spouse: ~
  n_parents: 2
  n_children: 0
  location_kind: social
- id: 10
  name: Zara Thatcher
  age: 29
  sex: Female
  occupation: idle
  spouse: ~
  n_parents: 2
  n_children: 0
  location_kind: social
- id: 11
  name: Adela Baker
  age: 46
  sex: Female
  occupation: tavernkeep
  spouse: ~
  n_parents: 0
  n_children: 0
  location_kind: public
- id: 12
  name: Cedric Marsh
  age: 30
  sex: Male
  occupation: smith
  spouse: 17
  n_parents: 2
  n_children: 4
  location_kind: civic
- id: 13
  name: Ulric Cooper
  age: 66
  sex: Male
  occupation: idle
  spouse: ~
  n_parents: 0
  n_children: 0
  location_kind: public
- id: 14
  name: Dunstan Hayward
  age: 37
  sex: Male
  occupation: household
  spouse: 7
  n_parents: 0
  n_children: 0
  location_kind: trade
- id: 15
  name: Yves Mason
  age: 20
  sex: Male
  occupation: household
  spouse: 43
  n_parents: 0
  n_children: 0
  location_kind: trade
- id: 16
  name: Jorund Shepherd
  age: 5
  sex: Male
  occupation: child
  spouse: ~
  n_parents: 2
  n_children: 0
  location_kind: civic
- id: 17
  name: Petra Thatcher
  age: 45
  sex: Female
  occupation: household
  spouse: 12
  n_parents: 0
  n_children: 4
  location_kind: trade
- id: 18
  name: Isolde Thatcher
  age: 22
  sex: Female
  occupation: apothecary
  spouse: ~
  n_parents: 0
  n_children: 0
  location_kind: trade
- id: 19
  name: Petra Brewer
  age: 62
  sex: Female
  occupation: idle
  spouse: ~
  n_parents: 0
  n_children: 0
  location_kind: social
- id: 20
  name: Garrick Weaver
  age: 41
  sex: Male
  occupation: fletcher
  spouse: 28
  n_parents: 0
  n_children: 1
  location_kind: trade
- id: 21
  name: Ursel Smith
  age: 33
  sex: Female
  occupation: smith
  spouse: 29
  n_parents: 0
  n_children: 2
  location_kind: trade
- id: 22
  name: Tobin Hollow
  age: 55
  sex: Male
  occupation: midwife
  spouse: ~
  n_parents: 0
  n_children: 0
  location_kind: social
- id: 23
  name: Edith Marsh
  age: 42
  sex: Female
  occupation: magistrate
  spouse: 27
  n_parents: 0
  n_children: 1
  location_kind: civic
- id: 24
  name: Yseult Fletcher
  age: 24
  sex: Female
  occupation: apothecary
  spouse: ~
  n_parents: 2
  n_children: 0
  location_kind: civic
- id: 25
  name: Warin Walker
  age: 50
  sex: Male
  occupation: magistrate
  spouse: 38
  n_parents: 0
  n_children: 3
  location_kind: social
- id: 26
  name: Frida Tanner
  age: 53
  sex: Female
  occupation: household
  spouse: 33
  n_parents: 0
  n_children: 2
  location_kind: trade
- id: 27
  name: Aldwin Fowler
  age: 42
  sex: Male
  occupation: household
  spouse: 23
  n_parents: 0
  n_children: 1
  location_kind: sacred
- id: 28
  name: Wilda Chandler
  age: 46
  sex: Female
  occupation: fletcher
  spouse: 20
  n_parents: 0
  n_children: 1
  location_kind: civic
- id: 29
  name: Ivo Miller
  age: 30
  sex: Male
  occupation: farmhand
  spouse: 21
  n_parents: 2
  n_children: 2
  location_kind: trade
- id: 30
  name: Leofric Miller
  age: 24
  sex: Male
  occupation: idle
  spouse: ~
  n_parents: 2
  n_children: 0
  location_kind: social
- id: 31
  name: Cwen Marsh
  age: 68
  sex: Female
  occupation: priest
  spouse: ~
  n_parents: 0
  n_children: 0
  location_kind: social
- id: 32
  name: Dunstan Shepherd
  age: 42
  sex: Male
  occupation: miller
  spouse: ~
  n_parents: 0
  n_children: 0
  location_kind: civic
- id: 33
  name: Fenric Carter
  age: 65
  sex: Male
  occupation: household
  spouse: 26
  n_parents: 0
  n_children: 2
  location_kind: social
- id: 34
  name: Nesta Turner
  age: 11
  sex: Female
  occupation: child
  spouse: ~
  n_parents: 2
  n_children: 0
  location_kind: sacred
- id: 35
  name: Isolde Mason
  age: 16
  sex: Female
  occupation: child
  spouse: ~
  n_parents: 0
  n_children: 0
  location_kind: trade
- id: 36
  name: Edith Glover
  age: 25
  sex: Female
  occupation: idle
  spouse: ~
  n_parents: 2
  n_children: 0
  location_kind: rural
- id: 37
  name: Cedric Wright
  age: 9
  sex: Male
  occupation: child
  spouse: ~
  n_parents: 2
  n_children: 0
  location_kind: social
- id: 38
  name: Yseult Turner
  age: 52
  sex: Female
  occupation: miller
  spouse: 25
  n_parents: 0
  n_children: 3
  location_kind: trade
- id: 39
  name: Vela Shepherd
  age: 7
  sex: Female
  occupation: child
  spouse: ~
  n_parents: 2
  n_children: 0
  location_kind: social
- id: 40
  name: Perrin Baker
  age: 52
  sex: Male
  occupation: priest
  spouse: 1
  n_parents: 0
  n_children: 3
  location_kind: rural
- id: 41
  name: Mara Miller
  age: 76
  sex: Female
  occupation: ~
  spouse: ~
  n_parents: 0
  n_children: 0
  location_kind: public
- id: 42
  name: Frida Hayward
  age: 61
  sex: Female
  occupation: apothecary
  spouse: ~
  n_parents: 0
  n_children: 0
  location_kind: public
- id: 43
  name: Frida Carter
  age: 25
  sex: Female
  occupation: household
  spouse: 15
  n_parents: 0
  n_children: 0
  location_kind: trade
- id: 44
  name: Aldwin Brewer
  age: 72
  sex: Male
  occupation: ~
  spouse: ~
  n_parents: 0
  n_children: 0
  location_kind: sacred
